I'm sorry, but errors were detected in your script. Please correct the
errors listed below, and try again.


File "game/customScripts/storyFlags.rpy", line 1: init statement expects a non-empty block.
    init -1:
            ^

Ren'Py Version: Ren'Py 7.4.0.1167
Tue Jan  5 16:21:20 2021
